// Vitest Snapshot v1, https://vitest.dev/guide/snapshot.html

exports[`rapiddocs add > rapiddocs add <generator> --group sdk 1`] = `
[
  {
    "contents": [
      {
        "contents": [
          {
            "contents": "name: api
error-discrimination:
  strategy: status-code
",
            "name": "api.yml",
            "type": "file",
          },
          {
            "contents": "# yaml-language-server: $schema=https://raw.githubusercontent.com/khulnasoft/rapiddocs/main/rapiddocs.schema.json

service:
  auth: false
  base-path: /movies
  endpoints:
    createMovie:
      docs: Add a movie to the database
      method: POST
      path: /create-movie
      request: CreateMovieRequest
      response: MovieId

    getMovie:
      docs: Retrieve a movie from the database based on the ID
      method: GET
      path: /{id}
      path-parameters:
        id: MovieId
      response: Movie
      errors:
        - MovieDoesNotExistError
      examples:
        # Success response
        - path-parameters:
            id: tt0111161
          response:
            body:
              id: tt0111161
              title: The Shawshank Redemption
              rating: 9.3
        # Error response
        - path-parameters:
            id: tt1234
          response:
            error: MovieDoesNotExistError
            body: tt1234

types:
  MovieId:
    type: string
    docs: The unique identifier for a Movie in the database

  Movie:
    properties:
      id: MovieId
      title: string
      rating:
        type: double
        docs: The rating scale out of ten stars

  CreateMovieRequest:
    properties:
      title: string
      rating: double

errors:
  MovieDoesNotExistError:
    status-code: 404
    type: MovieId
",
            "name": "imdb.yml",
            "type": "file",
          },
        ],
        "name": "definition",
        "type": "directory",
      },
      {
        "contents": "{
    "organization": "rapiddocs",
    "version": "0.0.0"
}",
        "name": "rapiddocs.config.json",
        "type": "file",
      },
      {
        "contents": "# yaml-language-server: $schema=https://schema.buildwithrapiddocs.dev/generators-yml.json
default-group: local
groups:
  local:
    generators:
      - name: rapiddocsapi/rapiddocs-typescript-node-sdk
        version: 0.39.3
        output:
          location: local-file-system
          path: ../sdks/typescript
  typescript:
    generators:
      - name: rapiddocsapi/rapiddocs-typescript
        version: 0.39.3
",
        "name": "generators.yml",
        "type": "file",
      },
    ],
    "name": "rapiddocs",
    "type": "directory",
  },
]
`;
