{
  "types": {
    "type_union:TypeWithOptionalUnion": {
      "name": "TypeWithOptionalUnion",
      "shape": {
        "type": "object",
        "extends": [],
        "properties": [
          {
            "key": "myUnion",
            "valueType": {
              "type": "optional",
              "itemType": {
                "type": "id",
                "value": "type_union:MyUnion"
              }
            }
          }
        ]
      }
    },
    "type_union:MyUnion": {
      "description": "Several different types are accepted.",
      "name": "MyUnion",
      "shape": {
        "type": "undiscriminatedUnion",
        "variants": [
          {
            "type": {
              "type": "primitive",
              "value": {
                "type": "string"
              }
            }
          },
          {
            "type": {
              "type": "list",
              "itemType": {
                "type": "primitive",
                "value": {
                  "type": "string"
                }
              }
            }
          },
          {
            "type": {
              "type": "primitive",
              "value": {
                "type": "integer"
              }
            }
          },
          {
            "type": {
              "type": "list",
              "itemType": {
                "type": "primitive",
                "value": {
                  "type": "integer"
                }
              }
            }
          },
          {
            "type": {
              "type": "list",
              "itemType": {
                "type": "list",
                "itemType": {
                  "type": "primitive",
                  "value": {
                    "type": "integer"
                  }
                }
              }
            }
          },
          {
            "type": {
              "type": "set",
              "itemType": {
                "type": "primitive",
                "value": {
                  "type": "string"
                }
              }
            }
          }
        ]
      }
    },
    "type_union:Metadata": {
      "description": "Undiscriminated unions can act as a map key\nas long as all of their values are valid keys\n(i.e. do they have a valid string representation).",
      "name": "Metadata",
      "shape": {
        "type": "alias",
        "value": {
          "type": "map",
          "keyType": {
            "type": "id",
            "value": "type_union:Key"
          },
          "valueType": {
            "type": "primitive",
            "value": {
              "type": "string"
            }
          }
        }
      }
    },
    "type_union:Key": {
      "name": "Key",
      "shape": {
        "type": "undiscriminatedUnion",
        "variants": [
          {
            "typeName": "KeyType",
            "type": {
              "type": "id",
              "value": "type_union:KeyType"
            }
          },
          {
            "type": {
              "type": "literal",
              "value": {
                "type": "stringLiteral",
                "value": "default"
              }
            }
          }
        ]
      }
    },
    "type_union:KeyType": {
      "name": "KeyType",
      "shape": {
        "type": "enum",
        "values": [
          {
            "value": "name"
          },
          {
            "value": "value"
          }
        ]
      }
    }
  },
  "subpackages": {
    "subpackage_union": {
      "subpackageId": "subpackage_union",
      "name": "union",
      "endpoints": [
        {
          "auth": false,
          "method": "POST",
          "id": "get",
          "originalEndpointId": "endpoint_union.get",
          "name": "Get",
          "path": {
            "pathParameters": [],
            "parts": [
              {
                "type": "literal",
                "value": "/"
              },
              {
                "type": "literal",
                "value": ""
              }
            ]
          },
          "queryParameters": [],
          "headers": [],
          "request": {
            "type": {
              "type": "json",
              "contentType": "application/json",
              "shape": {
                "type": "reference",
                "value": {
                  "type": "id",
                  "value": "type_union:MyUnion"
                }
              }
            }
          },
          "response": {
            "type": {
              "type": "reference",
              "value": {
                "type": "id",
                "value": "type_union:MyUnion"
              }
            }
          },
          "errorsV2": [],
          "examples": [
            {
              "path": "",
              "pathParameters": {},
              "queryParameters": {},
              "headers": {},
              "requestBody": "string",
              "requestBodyV3": {
                "type": "json",
                "value": "string"
              },
              "responseStatusCode": 200,
              "responseBody": "string",
              "responseBodyV3": {
                "type": "json",
                "value": "string"
              },
              "codeSamples": []
            }
          ]
        },
        {
          "auth": false,
          "method": "GET",
          "id": "getMetadata",
          "originalEndpointId": "endpoint_union.getMetadata",
          "name": "Get Metadata",
          "path": {
            "pathParameters": [],
            "parts": [
              {
                "type": "literal",
                "value": "/"
              },
              {
                "type": "literal",
                "value": "/metadata"
              }
            ]
          },
          "queryParameters": [],
          "headers": [],
          "response": {
            "type": {
              "type": "reference",
              "value": {
                "type": "id",
                "value": "type_union:Metadata"
              }
            }
          },
          "errorsV2": [],
          "examples": [
            {
              "path": "/metadata",
              "pathParameters": {},
              "queryParameters": {},
              "headers": {},
              "responseStatusCode": 200,
              "responseBody": {
                "name": "exampleName",
                "value": "exampleValue",
                "default": "exampleDefault"
              },
              "responseBodyV3": {
                "type": "json",
                "value": {
                  "name": "exampleName",
                  "value": "exampleValue",
                  "default": "exampleDefault"
                }
              }
            }
          ]
        }
      ],
      "webhooks": [],
      "websockets": [],
      "types": [
        "type_union:TypeWithOptionalUnion",
        "type_union:MyUnion",
        "type_union:Metadata",
        "type_union:Key",
        "type_union:KeyType"
      ],
      "subpackages": []
    }
  },
  "rootPackage": {
    "endpoints": [],
    "webhooks": [],
    "websockets": [],
    "types": [],
    "subpackages": [
      "subpackage_union"
    ]
  },
  "snippetsConfiguration": {},
  "globalHeaders": []
}