// Vitest Snapshot v1, https://vitest.dev/guide/snapshot.html

exports[`rapiddocs generate > missing docs page 1`] = `
"[docs]: Found 1 errors and 0 warnings. Run rapiddocs check --warnings to print out the warnings.
[docs]: docs.yml -> navigation -> 0 -> path
        Path missing.md does not exist"
`;
