{
  "type": "openapi",
  "value": {
    "openapi": "3.0.3",
    "info": {
      "title": "Test extension `x-rapiddocs-property-name`",
      "version": "1.0.0"
    },
    "paths": {},
    "components": {
      "schemas": {
        "BaseUser": {
          "type": "object",
          "properties": {
            "id": {
              "x-rapiddocs-property-name": "renamed_id",
              "type": "string",
              "format": "uuid"
            }
          }
        }
      }
    }
  }
}