{
  "type": "object",
  "properties": {
    "type": {
      "type": "string",
      "enum": [
        "rapiddocs"
      ]
    }
  },
  "required": [
    "type"
  ],
  "oneOf": [
    {
      "properties": {
        "type": {
          "const": "rapiddocs"
        },
        "value": {
          "const": "rapiddocs"
        }
      },
      "required": [
        "type"
      ]
    }
  ],
  "definitions": {}
}