# yaml-language-server: $schema=https://schema.buildwithrapiddocs.dev/generators-yml.json
api:
  specs:
    - openapi: ./openapi1.yml

groups: {}
