// Vitest Snapshot v1, https://vitest.dev/guide/snapshot.html

exports[`add-mode-to-draft-generators > simple 1`] = `
"draft:
  - name: rapiddocsapi/rapiddocs-typescript
    version: 0.0.144
    config:
      mode: model
    mode: publish
  - name: rapiddocsapi/rapiddocs-java
    version: 0.0.84
    generate: true
    config:
      packagePrefix: "com.rapiddocs"
      mode: MODEL
    mode: publish
  - name: rapiddocsapi/rapiddocs-postman
    version: 0.0.18
    mode: download-files
    output-path: ./generated-postman
  - name: rapiddocsapi/rapiddocs-openapi
    version: 0.0.5
    mode: download-files
    output-path: ./generated-openapi
"
`;
