// Vitest Snapshot v1, https://vitest.dev/guide/snapshot.html

exports[`rapiddocs generator upgrade > rapiddocs generator help commands 1`] = `
"rapiddocs-dev generator

Operate on the generators within your Rapiddocs configuration

Commands:
  rapiddocs-dev generator upgrade  Upgrades the specified generator in generators.yml
                              to the latest stable version.

Options:
  --help       Show help                                               [boolean]
  --log-level
          [choices: "trace", "debug", "info", "warn", "error"] [default: "info"]"
`;

exports[`rapiddocs generator upgrade > rapiddocs generator help commands 2`] = `
"rapiddocs-dev generator upgrade

Upgrades the specified generator in generators.yml to the latest stable version.

Options:
  --help           Show help                                           [boolean]
  --log-level
          [choices: "trace", "debug", "info", "warn", "error"] [default: "info"]
  --generator      The type of generator to upgrade, ex:
                   \`rapiddocs-typescript-node-sdk\`.                          [string]
  --group          The group in which the generator is located, if group is not
                   specified, the all generators of the specified type will be
                   upgraded.                                            [string]
  --api            The API to upgrade the generator for. If not specified, the
                   generator will be upgraded for all APIs.             [string]
  --include-major  Whether or not to include major versions within the upgrade.
                   Defaults to false, meaning major versions will be skipped.
                                                      [boolean] [default: false]
  --channel                                                [choices: "GA", "RC"]
  --list           When specified, a list of available upgrades will be
                   displayed, but no upgrade will be taken.
                                                      [boolean] [default: false]"
`;

exports[`rapiddocs generator upgrade > rapiddocs generator upgrade list 1`] = `
"Warnings for generators.yml:
	Using "api.path" is deprecated. Please use "api.specs[].openapi" or "api.specs[].asyncapi" instead.
[api]: Warnings for generators.yml:
[api]: 	Using "api.path" is deprecated. Please use "api.specs[].openapi" or "api.specs[].asyncapi" instead.
              ╭──────────────────────────────────────────────────╮
              │                                                  │
              │                Generator Upgrades                │
              │                                                  │
              │   Python SDK (Group: python-sdk) 3.0.0 → 4.2.7   │
              │                                                  │
              │                                                  │
              ╰──────────────────────────────────────────────────╯"
`;

exports[`rapiddocs generator upgrade > rapiddocs generator upgrade message 1`] = `
"         ╭────────────────────────────────────────────────────────────╮
         │                                                            │
         │                     Upgrades available                     │
         │                                                            │
         │                                                            │
         │           Java SDK (Group: local) 0.0.1 → 0.10.1           │
         │       Python SDK (Group: python-sdk) 3.0.0 → 3.10.8        │
         │                                                            │
         │   Run rapiddocs generator upgrade to upgrade your generators.   │
         │                                                            │
         ╰────────────────────────────────────────────────────────────╯
"
`;
